sh-4.2$ cat *.map
^thanos-querier-openshift-monitoring\.apps\.ocp91b8\.sandbox1243\.opentlc\.com(:[0-9]+)?(/.*)?$ be_secure:openshift-monitoring:thanos-querier
^prometheus-k8s-openshift-monitoring\.apps\.ocp91b8\.sandbox1243\.opentlc\.com(:[0-9]+)?(/.*)?$ be_secure:openshift-monitoring:prometheus-k8s
^grafana-openshift-monitoring\.apps\.ocp91b8\.sandbox1243\.opentlc\.com(:[0-9]+)?(/.*)?$ be_secure:openshift-monitoring:grafana
^downloads-openshift-console\.apps\.ocp91b8\.sandbox1243\.opentlc\.com(:[0-9]+)?(/.*)?$ be_edge_http:openshift-console:downloads
^demo-demo\.apps\.ocp91b8\.sandbox1243\.opentlc\.com(:[0-9]+)?(/.*)?$ be_edge_http:demo:demo
^console-openshift-console\.apps\.ocp91b8\.sandbox1243\.opentlc\.com(:[0-9]+)?(/.*)?$ be_secure:openshift-console:console
^alertmanager-main-openshift-monitoring\.apps\.ocp91b8\.sandbox1243\.opentlc\.com(:[0-9]+)?(/.*)?$ be_secure:openshift-monitoring:alertmanager-main
^thanos-querier-openshift-monitoring\.apps\.ocp91b8\.sandbox1243\.opentlc\.com(:[0-9]+)?(/.*)?$ openshift-monitoring:thanos-querier
^prometheus-k8s-openshift-monitoring\.apps\.ocp91b8\.sandbox1243\.opentlc\.com(:[0-9]+)?(/.*)?$ openshift-monitoring:prometheus-k8s
^oauth-openshift\.apps\.ocp91b8\.sandbox1243\.opentlc\.com(:[0-9]+)?(/.*)?$ openshift-authentication:oauth-openshift
^grafana-openshift-monitoring\.apps\.ocp91b8\.sandbox1243\.opentlc\.com(:[0-9]+)?(/.*)?$ openshift-monitoring:grafana
^downloads-openshift-console\.apps\.ocp91b8\.sandbox1243\.opentlc\.com(:[0-9]+)?(/.*)?$ openshift-console:downloads
^console-openshift-console\.apps\.ocp91b8\.sandbox1243\.opentlc\.com(:[0-9]+)?(/.*)?$ openshift-console:console
^alertmanager-main-openshift-monitoring\.apps\.ocp91b8\.sandbox1243\.opentlc\.com(:[0-9]+)?(/.*)?$ openshift-monitoring:alertmanager-main
^oauth-openshift\.apps\.ocp91b8\.sandbox1243\.opentlc\.com(:[0-9]+)?(/.*)?$ 1
^thanos-querier-openshift-monitoring\.apps\.ocp91b8\.sandbox1243\.opentlc\.com(:[0-9]+)?(/.*)?$ be_secure:openshift-monitoring:thanos-querier
^prometheus-k8s-openshift-monitoring\.apps\.ocp91b8\.sandbox1243\.opentlc\.com(:[0-9]+)?(/.*)?$ be_secure:openshift-monitoring:prometheus-k8s
^oauth-openshift\.apps\.ocp91b8\.sandbox1243\.opentlc\.com(:[0-9]+)?(/.*)?$ be_tcp:openshift-authentication:oauth-openshift
^grafana-openshift-monitoring\.apps\.ocp91b8\.sandbox1243\.opentlc\.com(:[0-9]+)?(/.*)?$ be_secure:openshift-monitoring:grafana
^console-openshift-console\.apps\.ocp91b8\.sandbox1243\.opentlc\.com(:[0-9]+)?(/.*)?$ be_secure:openshift-console:console
^alertmanager-main-openshift-monitoring\.apps\.ocp91b8\.sandbox1243\.opentlc\.com(:[0-9]+)?(/.*)?$ be_secure:openshift-monitoring:alertmanager-main